# Generated by goldga. DO NOT EDIT.
[snapshots]
"Encoding Decoding Tests BINARY (expected cols)" = '''
[
	"COL_BINARY"
]
'''
"Encoding Decoding Tests BINARY (expected result)" = '''
"QklO"
'''
"Encoding Decoding Tests BINARY (expected types)" = '''
[
	{
		"ScanType": "uint8",
		"DatabaseTypeName": "VARB",
		"Name": "COL_BINARY",
		"Nullable": true,
		"NullKnown": true,
		"Length": 12,
		"LengthOk": false,
		"Precision": 0,
		"Scale": 0,
		"DecimalSizeOk": false
	}
]
'''
"Encoding Decoding Tests CHAR (expected cols)" = '''
[
	"COL_CHAR"
]
'''
"Encoding Decoding Tests CHAR (expected result)" = '''
"F"
'''
"Encoding Decoding Tests CHAR (expected types)" = '''
[
	{
		"ScanType": "string",
		"DatabaseTypeName": "VAR",
		"Name": "COL_CHAR",
		"Nullable": true,
		"NullKnown": true,
		"Length": 3,
		"LengthOk": false,
		"Precision": 0,
		"Scale": 0,
		"DecimalSizeOk": false
	}
]
'''
"Encoding Decoding Tests DATE (expected cols)" = '''
[
	"COL_DATE"
]
'''
"Encoding Decoding Tests DATE (expected result)" = '''
"2009-05-18T00:00:00Z"
'''
"Encoding Decoding Tests DATE (expected types)" = '''
[
	{
		"ScanType": "Time",
		"DatabaseTypeName": "D",
		"Name": "COL_DATE",
		"Nullable": true,
		"NullKnown": true,
		"Length": 10,
		"LengthOk": false,
		"Precision": 0,
		"Scale": 0,
		"DecimalSizeOk": false
	}
]
'''
"Encoding Decoding Tests DATETIME (expected cols)" = '''
[
	"COL_DATETIME"
]
'''
"Encoding Decoding Tests DATETIME (expected result)" = '''
"2009-05-18T00:00:00Z"
'''
"Encoding Decoding Tests DATETIME (expected types)" = '''
[
	{
		"ScanType": "Time",
		"DatabaseTypeName": "D",
		"Name": "COL_DATETIME",
		"Nullable": true,
		"NullKnown": true,
		"Length": 10,
		"LengthOk": false,
		"Precision": 0,
		"Scale": 0,
		"DecimalSizeOk": false
	}
]
'''
"Encoding Decoding Tests DECIMAL (expected cols)" = '''
[
	"COL_DECIMAL"
]
'''
"Encoding Decoding Tests DECIMAL (expected result)" = '''
1
'''
"Encoding Decoding Tests DECIMAL (expected types)" = '''
[
	{
		"ScanType": "float64",
		"DatabaseTypeName": "DEC",
		"Name": "COL_DECIMAL",
		"Nullable": false,
		"NullKnown": true,
		"Length": 10,
		"LengthOk": false,
		"Precision": 0,
		"Scale": 0,
		"DecimalSizeOk": false
	}
]
'''
"Encoding Decoding Tests FLOAT (expected cols)" = '''
[
	"COL_FLOAT"
]
'''
"Encoding Decoding Tests FLOAT (expected result)" = '''
3.32
'''
"Encoding Decoding Tests FLOAT (expected types)" = '''
[
	{
		"ScanType": "float32",
		"DatabaseTypeName": "",
		"Name": "COL_FLOAT",
		"Nullable": true,
		"NullKnown": true,
		"Length": 7,
		"LengthOk": false,
		"Precision": 0,
		"Scale": 0,
		"DecimalSizeOk": false
	}
]
'''
"Encoding Decoding Tests INTEGER (expected cols)" = '''
[
	"COL_INTEGER"
]
'''
"Encoding Decoding Tests INTEGER (expected result)" = '''
2
'''
"Encoding Decoding Tests INTEGER (expected types)" = '''
[
	{
		"ScanType": "int32",
		"DatabaseTypeName": "INTEGER",
		"Name": "COL_INTEGER",
		"Nullable": false,
		"NullKnown": true,
		"Length": 10,
		"LengthOk": false,
		"Precision": 0,
		"Scale": 0,
		"DecimalSizeOk": false
	}
]
'''
"Encoding Decoding Tests NCHAR (expected cols)" = '''
[
	"COL_NCHAR"
]
'''
"Encoding Decoding Tests NCHAR (expected result)" = '''
"F"
'''
"Encoding Decoding Tests NCHAR (expected types)" = '''
[
	{
		"ScanType": "string",
		"DatabaseTypeName": "VAR",
		"Name": "COL_NCHAR",
		"Nullable": true,
		"NullKnown": true,
		"Length": 3,
		"LengthOk": false,
		"Precision": 0,
		"Scale": 0,
		"DecimalSizeOk": false
	}
]
'''
"Encoding Decoding Tests SIGNED (expected cols)" = '''
[
	"COL_SIGNED"
]
'''
"Encoding Decoding Tests SIGNED (expected result)" = '''
35
'''
"Encoding Decoding Tests SIGNED (expected types)" = '''
[
	{
		"ScanType": "int32",
		"DatabaseTypeName": "INTEGER",
		"Name": "COL_SIGNED",
		"Nullable": false,
		"NullKnown": true,
		"Length": 10,
		"LengthOk": false,
		"Precision": 0,
		"Scale": 0,
		"DecimalSizeOk": false
	}
]
'''
"Encoding Decoding Tests TIME (expected cols)" = '''
[
	"COL_TIME"
]
'''
"Encoding Decoding Tests TIME (expected result)" = '''
7282874000000000
'''
"Encoding Decoding Tests TIME (expected types)" = '''
[
	{
		"ScanType": "Duration",
		"DatabaseTypeName": "T",
		"Name": "COL_TIME",
		"Nullable": false,
		"NullKnown": true,
		"Length": 8,
		"LengthOk": false,
		"Precision": 0,
		"Scale": 0,
		"DecimalSizeOk": false
	}
]
'''
"Encoding Decoding Tests TIMESTAMP (expected cols)" = '''
[
	"COL_TIMESTAMP"
]
'''
"Encoding Decoding Tests TIMESTAMP (expected result)" = '''
"2023-01-14T19:21:30Z"
'''
"Encoding Decoding Tests TIMESTAMP (expected types)" = '''
[
	{
		"ScanType": "Time",
		"DatabaseTypeName": "DATE",
		"Name": "COL_TIMESTAMP",
		"Nullable": false,
		"NullKnown": true,
		"Length": 19,
		"LengthOk": false,
		"Precision": 0,
		"Scale": 0,
		"DecimalSizeOk": false
	}
]
'''
"Encoding Decoding Tests UNSIGNED (expected cols)" = '''
[
	"COL_UNSIGNED"
]
'''
"Encoding Decoding Tests UNSIGNED (expected result)" = '''
35
'''
"Encoding Decoding Tests UNSIGNED (expected types)" = '''
[
	{
		"ScanType": "int32",
		"DatabaseTypeName": "INTEGER",
		"Name": "COL_UNSIGNED",
		"Nullable": false,
		"NullKnown": true,
		"Length": 10,
		"LengthOk": false,
		"Precision": 0,
		"Scale": 0,
		"DecimalSizeOk": false
	}
]
'''
