# Generated by goldga. DO NOT EDIT.
[snapshots]
"Column Tests newColumnLoader should return an error if no column factory is registered for the data type" = '''
"no factory registered for column [foo] type [555]"
'''
"Columns loadColumn should return an error if no column factory is registered for the data type" = '''
"no factory registered for column [foo] type [555]"
'''
"Columns newColumnLoader should return an error if no column factory is registered for the data type" = '''
"no factory registered for column [foo] type [555]"
'''
