# Generated by goldga. DO NOT EDIT.
[snapshots]
"Statement loadColumn should return an error if no column factory is registered for the data type" = '''
"no factory registered for column [foo] type [555]"
'''
"Statement newColumn should return an error if no column factory is registered for the data type" = '''
"no factory registered for column [foo] type [555]"
'''
